// Jest Snapshot v1, https://goo.gl/fbAQLP

exports[`render snapshot 1`] = `
<button
  class="btnFilter yellow"
  type="button"
>
  All Characters
</button>
`;
